
> redms-deal-analyzer@1.0.0 build
> vite build

[36mvite v5.4.21 [32mbuilding for production...[36m[39m
transforming...
[32mΓ£ô[39m 30 modules transformed.
node.exe : [31mx[39m 
Build failed in 322ms
At C:\Program Files\nod
ejs\npm.ps1:29 char:3
+   & $NODE_EXE 
$NPM_CLI_JS $args
+   ~~~~~~~~~~~~~~~~~~~
~~~~~~~~~~
    + CategoryInfo     
         : NotSpecifi  
  ed: ([31mx[39m B   
 uild failed in 322    
ms:String) [], Rem    
oteException
    + FullyQualifiedEr 
   rorId : NativeComm  
  andError
 
[31merror during 
build:
[31mCould not resolve 
"./Admin.module.css" 
from "src/pages/Admin.j
sx"[31m
file: [36mC:/Users/myr
ew/REDMS_Deal_Analyzer/
src/pages/Admin.jsx[31
m
    at getRollupError (
file:///C:/Users/myrew/
REDMS_Deal_Analyzer/nod
e_modules/rollup/dist/e
s/shared/parseAst.js:40
2:41)
    at error (file:///C
:/Users/myrew/REDMS_Dea
l_Analyzer/node_modules
/rollup/dist/es/shared/
parseAst.js:398:42)
    at ModuleLoader.han
dleInvalidResolvedId (f
ile:///C:/Users/myrew/R
EDMS_Deal_Analyzer/node
_modules/rollup/dist/es
/shared/node-entry.js:2
1687:24)
    at file:///C:/Users
/myrew/REDMS_Deal_Analy
zer/node_modules/rollup
/dist/es/shared/node-en
try.js:21647:26[39m
